Archive member included because of file (symbol)

/home/alissa/.pebble-sdk/SDKs/current/sdk-core/pebble/aplite/lib/libpebble.a(tmp7jpKUopebble.o)
                              src/c/main.c.36.o (app_event_loop)

Allocating common symbols
Common symbol       size              file

s_main_window       0x4               src/c/ui.c.36.o
text_layer          0x4               src/c/ui.c.36.o
status_bar          0x4               src/c/ui.c.36.o
time_layer          0x4               src/c/ui.c.36.o
s_window            0x4               src/c/alarm.c.36.o

Discarded input sections

 .text          0x0000000000000000        0x0 /home/alissa/pebble-dev/pebble-sdk-4.5-linux64/arm-cs-tools/bin/../lib/gcc/arm-none-eabi/4.7.2/thumb2/crti.o
 .bss           0x0000000000000000        0x0 /home/alissa/pebble-dev/pebble-sdk-4.5-linux64/arm-cs-tools/bin/../lib/gcc/arm-none-eabi/4.7.2/thumb2/crti.o
 .init          0x0000000000000000        0x4 /home/alissa/pebble-dev/pebble-sdk-4.5-linux64/arm-cs-tools/bin/../lib/gcc/arm-none-eabi/4.7.2/thumb2/crti.o
 .fini          0x0000000000000000        0x4 /home/alissa/pebble-dev/pebble-sdk-4.5-linux64/arm-cs-tools/bin/../lib/gcc/arm-none-eabi/4.7.2/thumb2/crti.o
 .text          0x0000000000000000       0xc8 /home/alissa/pebble-dev/pebble-sdk-4.5-linux64/arm-cs-tools/bin/../lib/gcc/arm-none-eabi/4.7.2/thumb2/crtbegin.o
 .bss           0x0000000000000000       0x1c /home/alissa/pebble-dev/pebble-sdk-4.5-linux64/arm-cs-tools/bin/../lib/gcc/arm-none-eabi/4.7.2/thumb2/crtbegin.o
 .init_array    0x0000000000000000        0x4 /home/alissa/pebble-dev/pebble-sdk-4.5-linux64/arm-cs-tools/bin/../lib/gcc/arm-none-eabi/4.7.2/thumb2/crtbegin.o
 .fini_array    0x0000000000000000        0x4 /home/alissa/pebble-dev/pebble-sdk-4.5-linux64/arm-cs-tools/bin/../lib/gcc/arm-none-eabi/4.7.2/thumb2/crtbegin.o
 .eh_frame      0x0000000000000000        0x0 /home/alissa/pebble-dev/pebble-sdk-4.5-linux64/arm-cs-tools/bin/../lib/gcc/arm-none-eabi/4.7.2/thumb2/crtbegin.o
 .jcr           0x0000000000000000        0x0 /home/alissa/pebble-dev/pebble-sdk-4.5-linux64/arm-cs-tools/bin/../lib/gcc/arm-none-eabi/4.7.2/thumb2/crtbegin.o
 .tm_clone_table
                0x0000000000000000        0x0 /home/alissa/pebble-dev/pebble-sdk-4.5-linux64/arm-cs-tools/bin/../lib/gcc/arm-none-eabi/4.7.2/thumb2/crtbegin.o
 .text          0x0000000000000000        0x0 src/c/alarm.c.36.o
 .bss           0x0000000000000000        0x0 src/c/alarm.c.36.o
 .text          0x0000000000000000        0x0 src/c/main.c.36.o
 .bss           0x0000000000000000        0x0 src/c/main.c.36.o
 .text          0x0000000000000000        0x0 src/c/settings.c.36.o
 .bss           0x0000000000000000        0x0 src/c/settings.c.36.o
 .text.delete_alarm_time
                0x0000000000000000       0x12 src/c/settings.c.36.o
 .text          0x0000000000000000        0x0 src/c/ui.c.36.o
 .bss           0x0000000000000000        0x0 src/c/ui.c.36.o
 .text          0x0000000000000000        0x0 aplite/appinfo.auto.c.36.o
 .bss           0x0000000000000000        0x0 aplite/appinfo.auto.c.36.o
 .text          0x0000000000000000        0x0 aplite/src/resource_ids.auto.c.36.o
 .bss           0x0000000000000000        0x0 aplite/src/resource_ids.auto.c.36.o
 .data.RESOURCE_ID_IMAGE_CLOCK
                0x0000000000000000        0x4 aplite/src/resource_ids.auto.c.36.o
 .data.RESOURCE_ID_IMAGE_ELLIPSIS
                0x0000000000000000        0x4 aplite/src/resource_ids.auto.c.36.o
 .data.RESOURCE_ID_IMAGE_CLOCK_25
                0x0000000000000000        0x4 aplite/src/resource_ids.auto.c.36.o
 .bss           0x0000000000000000        0x0 /home/alissa/.pebble-sdk/SDKs/current/sdk-core/pebble/aplite/lib/libpebble.a(tmp7jpKUopebble.o)
 .text.accel_data_service_subscribe__deprecated
                0x0000000000000000        0xc /home/alissa/.pebble-sdk/SDKs/current/sdk-core/pebble/aplite/lib/libpebble.a(tmp7jpKUopebble.o)
 .text.accel_data_service_unsubscribe
                0x0000000000000000        0xc /home/alissa/.pebble-sdk/SDKs/current/sdk-core/pebble/aplite/lib/libpebble.a(tmp7jpKUopebble.o)
 .text.accel_service_peek
                0x0000000000000000        0xc /home/alissa/.pebble-sdk/SDKs/current/sdk-core/pebble/aplite/lib/libpebble.a(tmp7jpKUopebble.o)
 .text.accel_service_set_samples_per_update
                0x0000000000000000        0xc /home/alissa/.pebble-sdk/SDKs/current/sdk-core/pebble/aplite/lib/libpebble.a(tmp7jpKUopebble.o)
 .text.accel_service_set_sampling_rate
                0x0000000000000000        0xc /home/alissa/.pebble-sdk/SDKs/current/sdk-core/pebble/aplite/lib/libpebble.a(tmp7jpKUopebble.o)
 .text.accel_tap_service_subscribe
                0x0000000000000000        0xc /home/alissa/.pebble-sdk/SDKs/current/sdk-core/pebble/aplite/lib/libpebble.a(tmp7jpKUopebble.o)
 .text.accel_tap_service_unsubscribe
[...]
Memory Configuration

Name             Origin             Length             Attributes
APP              0x0000000000000000 0x0000000000006000 xrw
*default*        0x0000000000000000 0xffffffffffffffff

Linker script and memory map

LOAD /home/alissa/pebble-dev/pebble-sdk-4.5-linux64/arm-cs-tools/bin/../lib/gcc/arm-none-eabi/4.7.2/thumb2/crti.o
LOAD /home/alissa/pebble-dev/pebble-sdk-4.5-linux64/arm-cs-tools/bin/../lib/gcc/arm-none-eabi/4.7.2/thumb2/crtbegin.o
LOAD src/c/alarm.c.36.o
LOAD src/c/main.c.36.o
LOAD src/c/settings.c.36.o
LOAD src/c/ui.c.36.o
LOAD aplite/appinfo.auto.c.36.o
LOAD aplite/src/resource_ids.auto.c.36.o
LOAD /home/alissa/.pebble-sdk/SDKs/current/sdk-core/pebble/aplite/lib/libpebble.a
START GROUP
LOAD /home/alissa/pebble-dev/pebble-sdk-4.5-linux64/arm-cs-tools/bin/../lib/gcc/arm-none-eabi/4.7.2/thumb2/libgcc.a
LOAD /home/alissa/pebble-dev/pebble-sdk-4.5-linux64/arm-cs-tools/bin/../lib/gcc/arm-none-eabi/4.7.2/../../../../arm-none-eabi/lib/thumb2/libc.a
END GROUP
LOAD /home/alissa/pebble-dev/pebble-sdk-4.5-linux64/arm-cs-tools/bin/../lib/gcc/arm-none-eabi/4.7.2/thumb2/crtend.o
LOAD /home/alissa/pebble-dev/pebble-sdk-4.5-linux64/arm-cs-tools/bin/../lib/gcc/arm-none-eabi/4.7.2/thumb2/crtn.o

.header         0x0000000000000000       0x82
 *(.pbl_header)
 .pbl_header    0x0000000000000000       0x82 aplite/appinfo.auto.c.36.o
                0x0000000000000000                __pbl_app_info

.note.gnu.build-id
                0x0000000000000082       0x26
                0x0000000000000082                PROVIDE (BUILD_ID, .)
 *(.note.gnu.build-id)
 *fill*         0x0000000000000082        0x2 
 .note.gnu.build-id
                0x0000000000000084       0x24 linker stubs

.text           0x00000000000000a8      0xe6d
 *(.text)
 .text          0x00000000000000a8       0x14 /home/alissa/.pebble-sdk/SDKs/current/sdk-core/pebble/aplite/lib/libpebble.a(tmp7jpKUopebble.o)
 *(.text.*)
 .text.update_time
                0x00000000000000bc       0x54 src/c/alarm.c.36.o
 .text.alarm_window_load
                0x0000000000000110      0x130 src/c/alarm.c.36.o
                0x0000000000000110                alarm_window_load
 .text.tick_handler
                0x0000000000000240        0x4 src/c/alarm.c.36.o
 .text.click_config_provider
                0x0000000000000244       0x2c src/c/alarm.c.36.o
 .text.select_click_handler
                0x0000000000000270       0x34 src/c/alarm.c.36.o
 .text.do_alarm
                0x00000000000002a4       0xe4 src/c/alarm.c.36.o
                0x00000000000002a4                do_alarm
 .text.do_snooze
                0x0000000000000388       0x64 src/c/alarm.c.36.o
 .text.action_performed_callback
                0x00000000000003ec       0x50 src/c/alarm.c.36.o
 .text.other_click_handler
                0x000000000000043c       0x24 src/c/alarm.c.36.o
 .text.alarm_window_unload
                0x0000000000000460       0x54 src/c/alarm.c.36.o
                0x0000000000000460                alarm_window_unload
 .text.alarm_init
                0x00000000000004b4       0x60 src/c/alarm.c.36.o
                0x00000000000004b4                alarm_init
 .text.alarm_deinit
                0x0000000000000514       0x18 src/c/alarm.c.36.o
                0x0000000000000514                alarm_deinit
 .text.alarm_trigger
                0x000000000000052c       0x20 src/c/main.c.36.o
 .text.wakeup_handler
                0x000000000000054c        0x4 src/c/main.c.36.o
 .text.worker_message_handler
                0x0000000000000550        0x8 src/c/main.c.36.o
 .text.startup.main
                0x0000000000000558       0x78 src/c/main.c.36.o
                0x0000000000000558                main
 .text.get_alarm_state
                0x00000000000005d0       0x16 src/c/settings.c.36.o
                0x00000000000005d0                get_alarm_state
 *fill*         0x00000000000005e6        0x2 
 .text.set_alarm_time
                0x00000000000005e8       0x28 src/c/settings.c.36.o
                0x00000000000005e8                set_alarm_time
 .text.alarm_time_exists
                0x0000000000000610       0x16 src/c/settings.c.36.o
                0x0000000000000610                alarm_time_exists
 *fill*         0x0000000000000626        0x2 
 .text.set_alarm_state
                0x0000000000000628       0x70 src/c/settings.c.36.o
                0x0000000000000628                set_alarm_state
 .text.get_alarm_time
                0x0000000000000698       0x20 src/c/settings.c.36.o
                0x0000000000000698                get_alarm_time
 .text.change_alarm_time
                0x00000000000006b8       0x40 src/c/settings.c.36.o
                0x00000000000006b8                change_alarm_time
 .text.update_time
                0x00000000000006f8       0x78 src/c/ui.c.36.o
 .text.click_config_provider
                0x0000000000000770       0x34 src/c/ui.c.36.o
 .text.main_window_unload
                0x00000000000007a4       0x38 src/c/ui.c.36.o
 .text.main_window_load
                0x00000000000007dc      0x158 src/c/ui.c.36.o
 .text.display_default
                0x0000000000000934       0x58 src/c/ui.c.36.o
 .text.select_click_handler
                0x000000000000098c       0x1c src/c/ui.c.36.o
 .text.down_click_handler
                0x00000000000009a8       0x1a src/c/ui.c.36.o
 .text.up_click_handler
                0x00000000000009c2       0x18 src/c/ui.c.36.o
 *fill*         0x00000000000009da        0x2 
 .text.ui_init  0x00000000000009dc       0x8c src/c/ui.c.36.o
                0x00000000000009dc                ui_init
 .text.ui_deinit
                0x0000000000000a68       0x18 src/c/ui.c.36.o
                0x0000000000000a68                ui_deinit
 .text.app_event_loop
                0x0000000000000a80        0xc /home/alissa/.pebble-sdk/SDKs/current/sdk-core/pebble/aplite/lib/libpebble.a(tmp7jpKUopebble.o)
                0x0000000000000a80                app_event_loop
 .text.app_log  0x0000000000000a8c        0xc /home/alissa/.pebble-sdk/SDKs/current/sdk-core/pebble/aplite/lib/libpebble.a(tmp7jpKUopebble.o)
                0x0000000000000a8c                app_log
 .text.app_timer_cancel
                0x0000000000000a98        0xc /home/alissa/.pebble-sdk/SDKs/current/sdk-core/pebble/aplite/lib/libpebble.a(tmp7jpKUopebble.o)
                0x0000000000000a98                app_timer_cancel
 .text.app_timer_register
                0x0000000000000aa4        0xc /home/alissa/.pebble-sdk/SDKs/current/sdk-core/pebble/aplite/lib/libpebble.a(tmp7jpKUopebble.o)
                0x0000000000000aa4                app_timer_register
 .text.clock_is_24h_style
                0x0000000000000ab0        0xc /home/alissa/.pebble-sdk/SDKs/current/sdk-core/pebble/aplite/lib/libpebble.a(tmp7jpKUopebble.o)
                0x0000000000000ab0                clock_is_24h_style
 .text.fonts_get_system_font
                0x0000000000000abc        0xc /home/alissa/.pebble-sdk/SDKs/current/sdk-core/pebble/aplite/lib/libpebble.a(tmp7jpKUopebble.o)
                0x0000000000000abc                fonts_get_system_font
 .text.gbitmap_create_with_resource
                0x0000000000000ac8        0xc /home/alissa/.pebble-sdk/SDKs/current/sdk-core/pebble/aplite/lib/libpebble.a(tmp7jpKUopebble.o)
                0x0000000000000ac8                gbitmap_create_with_resource
 .text.gbitmap_destroy
                0x0000000000000ad4        0xc /home/alissa/.pebble-sdk/SDKs/current/sdk-core/pebble/aplite/lib/libpebble.a(tmp7jpKUopebble.o)
                0x0000000000000ad4                gbitmap_destroy
 .text.layer_add_child
                0x0000000000000ae0        0xc /home/alissa/.pebble-sdk/SDKs/current/sdk-core/pebble/aplite/lib/libpebble.a(tmp7jpKUopebble.o)
                0x0000000000000ae0                layer_add_child
 .text.layer_get_bounds
                0x0000000000000aec        0xc /home/alissa/.pebble-sdk/SDKs/current/sdk-core/pebble/aplite/lib/libpebble.a(tmp7jpKUopebble.o)
                0x0000000000000aec                layer_get_bounds
 .text.layer_set_hidden
                0x0000000000000af8        0xc /home/alissa/.pebble-sdk/SDKs/current/sdk-core/pebble/aplite/lib/libpebble.a(tmp7jpKUopebble.o)
                0x0000000000000af8                layer_set_hidden
 .text.memset   0x0000000000000b04        0xc /home/alissa/.pebble-sdk/SDKs/current/sdk-core/pebble/aplite/lib/libpebble.a(tmp7jpKUopebble.o)
                0x0000000000000b04                memset
 .text.persist_exists
                0x0000000000000b10        0xc /home/alissa/.pebble-sdk/SDKs/current/sdk-core/pebble/aplite/lib/libpebble.a(tmp7jpKUopebble.o)
                0x0000000000000b10                persist_exists
 .text.persist_read_bool
                0x0000000000000b1c        0xc /home/alissa/.pebble-sdk/SDKs/current/sdk-core/pebble/aplite/lib/libpebble.a(tmp7jpKUopebble.o)
                0x0000000000000b1c                persist_read_bool
 .text.persist_read_int
                0x0000000000000b28        0xc /home/alissa/.pebble-sdk/SDKs/current/sdk-core/pebble/aplite/lib/libpebble.a(tmp7jpKUopebble.o)
                0x0000000000000b28                persist_read_int
 .text.persist_write_bool
                0x0000000000000b34        0xc /home/alissa/.pebble-sdk/SDKs/current/sdk-core/pebble/aplite/lib/libpebble.a(tmp7jpKUopebble.o)
                0x0000000000000b34                persist_write_bool
 .text.persist_write_int
                0x0000000000000b40        0xc /home/alissa/.pebble-sdk/SDKs/current/sdk-core/pebble/aplite/lib/libpebble.a(tmp7jpKUopebble.o)
                0x0000000000000b40                persist_write_int
 .text.snprintf
                0x0000000000000b4c        0xc /home/alissa/.pebble-sdk/SDKs/current/sdk-core/pebble/aplite/lib/libpebble.a(tmp7jpKUopebble.o)
                0x0000000000000b4c                snprintf
 .text.strftime
                0x0000000000000b58        0xc /home/alissa/.pebble-sdk/SDKs/current/sdk-core/pebble/aplite/lib/libpebble.a(tmp7jpKUopebble.o)
                0x0000000000000b58                strftime
 .text.tick_timer_service_subscribe
                0x0000000000000b64        0xc /home/alissa/.pebble-sdk/SDKs/current/sdk-core/pebble/aplite/lib/libpebble.a(tmp7jpKUopebble.o)
                0x0000000000000b64                tick_timer_service_subscribe
 .text.vibes_double_pulse
                0x0000000000000b70        0xc /home/alissa/.pebble-sdk/SDKs/current/sdk-core/pebble/aplite/lib/libpebble.a(tmp7jpKUopebble.o)
                0x0000000000000b70                vibes_double_pulse
 .text.vibes_enqueue_custom_pattern
                0x0000000000000b7c        0xc /home/alissa/.pebble-sdk/SDKs/current/sdk-core/pebble/aplite/lib/libpebble.a(tmp7jpKUopebble.o)
                0x0000000000000b7c                vibes_enqueue_custom_pattern
 .text.window_create
                0x0000000000000b88        0xc /home/alissa/.pebble-sdk/SDKs/current/sdk-core/pebble/aplite/lib/libpebble.a(tmp7jpKUopebble.o)
                0x0000000000000b88                window_create
 .text.window_destroy
                0x0000000000000b94        0xc /home/alissa/.pebble-sdk/SDKs/current/sdk-core/pebble/aplite/lib/libpebble.a(tmp7jpKUopebble.o)
                0x0000000000000b94                window_destroy
 .text.window_get_root_layer
                0x0000000000000ba0        0xc /home/alissa/.pebble-sdk/SDKs/current/sdk-core/pebble/aplite/lib/libpebble.a(tmp7jpKUopebble.o)
                0x0000000000000ba0                window_get_root_layer
 .text.window_set_click_config_provider
                0x0000000000000bac        0xc /home/alissa/.pebble-sdk/SDKs/current/sdk-core/pebble/aplite/lib/libpebble.a(tmp7jpKUopebble.o)
                0x0000000000000bac                window_set_click_config_provider
 .text.window_set_window_handlers
                0x0000000000000bb8        0xc /home/alissa/.pebble-sdk/SDKs/current/sdk-core/pebble/aplite/lib/libpebble.a(tmp7jpKUopebble.o)
                0x0000000000000bb8                window_set_window_handlers
 .text.window_stack_push
                0x0000000000000bc4        0xc /home/alissa/.pebble-sdk/SDKs/current/sdk-core/pebble/aplite/lib/libpebble.a(tmp7jpKUopebble.o)
                0x0000000000000bc4                window_stack_push
 .text.window_stack_remove
                0x0000000000000bd0        0xc /home/alissa/.pebble-sdk/SDKs/current/sdk-core/pebble/aplite/lib/libpebble.a(tmp7jpKUopebble.o)
                0x0000000000000bd0                window_stack_remove
 .text.window_single_click_subscribe
                0x0000000000000bdc        0xc /home/alissa/.pebble-sdk/SDKs/current/sdk-core/pebble/aplite/lib/libpebble.a(tmp7jpKUopebble.o)
                0x0000000000000bdc                window_single_click_subscribe
 .text.window_single_repeating_click_subscribe
                0x0000000000000be8        0xc /home/alissa/.pebble-sdk/SDKs/current/sdk-core/pebble/aplite/lib/libpebble.a(tmp7jpKUopebble.o)
                0x0000000000000be8                window_single_repeating_click_subscribe
 .text.app_worker_is_running
                0x0000000000000bf4        0xc /home/alissa/.pebble-sdk/SDKs/current/sdk-core/pebble/aplite/lib/libpebble.a(tmp7jpKUopebble.o)
                0x0000000000000bf4                app_worker_is_running
 .text.app_worker_kill
                0x0000000000000c00        0xc /home/alissa/.pebble-sdk/SDKs/current/sdk-core/pebble/aplite/lib/libpebble.a(tmp7jpKUopebble.o)
                0x0000000000000c00                app_worker_kill
 .text.app_worker_launch
                0x0000000000000c0c        0xc /home/alissa/.pebble-sdk/SDKs/current/sdk-core/pebble/aplite/lib/libpebble.a(tmp7jpKUopebble.o)
                0x0000000000000c0c                app_worker_launch
 .text.app_worker_message_subscribe
                0x0000000000000c18        0xc /home/alissa/.pebble-sdk/SDKs/current/sdk-core/pebble/aplite/lib/libpebble.a(tmp7jpKUopebble.o)
                0x0000000000000c18                app_worker_message_subscribe
 .text.app_worker_send_message
                0x0000000000000c24        0xc /home/alissa/.pebble-sdk/SDKs/current/sdk-core/pebble/aplite/lib/libpebble.a(tmp7jpKUopebble.o)
                0x0000000000000c24                app_worker_send_message
 .text.launch_reason
                0x0000000000000c30        0xc /home/alissa/.pebble-sdk/SDKs/current/sdk-core/pebble/aplite/lib/libpebble.a(tmp7jpKUopebble.o)
                0x0000000000000c30                launch_reason
 .text.wakeup_cancel_all
                0x0000000000000c3c        0xc /home/alissa/.pebble-sdk/SDKs/current/sdk-core/pebble/aplite/lib/libpebble.a(tmp7jpKUopebble.o)
                0x0000000000000c3c                wakeup_cancel_all
 .text.wakeup_schedule
                0x0000000000000c48        0xc /home/alissa/.pebble-sdk/SDKs/current/sdk-core/pebble/aplite/lib/libpebble.a(tmp7jpKUopebble.o)
                0x0000000000000c48                wakeup_schedule
 .text.wakeup_service_subscribe
                0x0000000000000c54        0xc /home/alissa/.pebble-sdk/SDKs/current/sdk-core/pebble/aplite/lib/libpebble.a(tmp7jpKUopebble.o)
                0x0000000000000c54                wakeup_service_subscribe
 .text.window_set_background_color
                0x0000000000000c60        0xc /home/alissa/.pebble-sdk/SDKs/current/sdk-core/pebble/aplite/lib/libpebble.a(tmp7jpKUopebble.o)
                0x0000000000000c60                window_set_background_color
 .text.localtime
                0x0000000000000c6c        0xc /home/alissa/.pebble-sdk/SDKs/current/sdk-core/pebble/aplite/lib/libpebble.a(tmp7jpKUopebble.o)
                0x0000000000000c6c                localtime
 .text.action_bar_layer_add_to_window
                0x0000000000000c78        0xc /home/alissa/.pebble-sdk/SDKs/current/sdk-core/pebble/aplite/lib/libpebble.a(tmp7jpKUopebble.o)
                0x0000000000000c78                action_bar_layer_add_to_window
 .text.action_bar_layer_create
                0x0000000000000c84        0xc /home/alissa/.pebble-sdk/SDKs/current/sdk-core/pebble/aplite/lib/libpebble.a(tmp7jpKUopebble.o)
                0x0000000000000c84                action_bar_layer_create
 .text.action_bar_layer_destroy
                0x0000000000000c90        0xc /home/alissa/.pebble-sdk/SDKs/current/sdk-core/pebble/aplite/lib/libpebble.a(tmp7jpKUopebble.o)
                0x0000000000000c90                action_bar_layer_destroy
 .text.action_bar_layer_set_click_config_provider
                0x0000000000000c9c        0xc /home/alissa/.pebble-sdk/SDKs/current/sdk-core/pebble/aplite/lib/libpebble.a(tmp7jpKUopebble.o)
                0x0000000000000c9c                action_bar_layer_set_click_config_provider
 .text.action_bar_layer_set_icon
                0x0000000000000ca8        0xc /home/alissa/.pebble-sdk/SDKs/current/sdk-core/pebble/aplite/lib/libpebble.a(tmp7jpKUopebble.o)
                0x0000000000000ca8                action_bar_layer_set_icon
 .text.text_layer_create
                0x0000000000000cb4        0xc /home/alissa/.pebble-sdk/SDKs/current/sdk-core/pebble/aplite/lib/libpebble.a(tmp7jpKUopebble.o)
                0x0000000000000cb4                text_layer_create
 .text.text_layer_destroy
                0x0000000000000cc0        0xc /home/alissa/.pebble-sdk/SDKs/current/sdk-core/pebble/aplite/lib/libpebble.a(tmp7jpKUopebble.o)
                0x0000000000000cc0                text_layer_destroy
 .text.text_layer_get_layer
                0x0000000000000ccc        0xc /home/alissa/.pebble-sdk/SDKs/current/sdk-core/pebble/aplite/lib/libpebble.a(tmp7jpKUopebble.o)
                0x0000000000000ccc                text_layer_get_layer
 .text.text_layer_set_background_color
                0x0000000000000cd8        0xc /home/alissa/.pebble-sdk/SDKs/current/sdk-core/pebble/aplite/lib/libpebble.a(tmp7jpKUopebble.o)
                0x0000000000000cd8                text_layer_set_background_color
 .text.text_layer_set_font
                0x0000000000000ce4        0xc /home/alissa/.pebble-sdk/SDKs/current/sdk-core/pebble/aplite/lib/libpebble.a(tmp7jpKUopebble.o)
                0x0000000000000ce4                text_layer_set_font
 .text.text_layer_set_overflow_mode
                0x0000000000000cf0        0xc /home/alissa/.pebble-sdk/SDKs/current/sdk-core/pebble/aplite/lib/libpebble.a(tmp7jpKUopebble.o)
                0x0000000000000cf0                text_layer_set_overflow_mode
 .text.text_layer_set_text
                0x0000000000000cfc        0xc /home/alissa/.pebble-sdk/SDKs/current/sdk-core/pebble/aplite/lib/libpebble.a(tmp7jpKUopebble.o)
                0x0000000000000cfc                text_layer_set_text
 .text.text_layer_set_text_alignment
                0x0000000000000d08        0xc /home/alissa/.pebble-sdk/SDKs/current/sdk-core/pebble/aplite/lib/libpebble.a(tmp7jpKUopebble.o)
                0x0000000000000d08                text_layer_set_text_alignment
 .text.text_layer_set_text_color
                0x0000000000000d14        0xc /home/alissa/.pebble-sdk/SDKs/current/sdk-core/pebble/aplite/lib/libpebble.a(tmp7jpKUopebble.o)
                0x0000000000000d14                text_layer_set_text_color
 .text.time     0x0000000000000d20        0xc /home/alissa/.pebble-sdk/SDKs/current/sdk-core/pebble/aplite/lib/libpebble.a(tmp7jpKUopebble.o)
                0x0000000000000d20                time
 .text.status_bar_layer_create
                0x0000000000000d2c        0xc /home/alissa/.pebble-sdk/SDKs/current/sdk-core/pebble/aplite/lib/libpebble.a(tmp7jpKUopebble.o)
                0x0000000000000d2c                status_bar_layer_create
 .text.status_bar_layer_destroy
                0x0000000000000d38        0xc /home/alissa/.pebble-sdk/SDKs/current/sdk-core/pebble/aplite/lib/libpebble.a(tmp7jpKUopebble.o)
                0x0000000000000d38                status_bar_layer_destroy
 .text.status_bar_layer_get_layer
                0x0000000000000d44        0xc /home/alissa/.pebble-sdk/SDKs/current/sdk-core/pebble/aplite/lib/libpebble.a(tmp7jpKUopebble.o)
                0x0000000000000d44                status_bar_layer_get_layer
 .text.status_bar_layer_set_colors
                0x0000000000000d50        0xc /home/alissa/.pebble-sdk/SDKs/current/sdk-core/pebble/aplite/lib/libpebble.a(tmp7jpKUopebble.o)
                0x0000000000000d50                status_bar_layer_set_colors
 .text.status_bar_layer_set_separator_mode
                0x0000000000000d5c        0xc /home/alissa/.pebble-sdk/SDKs/current/sdk-core/pebble/aplite/lib/libpebble.a(tmp7jpKUopebble.o)
                0x0000000000000d5c                status_bar_layer_set_separator_mode
 .text.action_menu_close
                0x0000000000000d68        0xc /home/alissa/.pebble-sdk/SDKs/current/sdk-core/pebble/aplite/lib/libpebble.a(tmp7jpKUopebble.o)
                0x0000000000000d68                action_menu_close
 .text.action_menu_hierarchy_destroy
                0x0000000000000d74        0xc /home/alissa/.pebble-sdk/SDKs/current/sdk-core/pebble/aplite/lib/libpebble.a(tmp7jpKUopebble.o)
                0x0000000000000d74                action_menu_hierarchy_destroy
 .text.action_menu_item_get_action_data
                0x0000000000000d80        0xc /home/alissa/.pebble-sdk/SDKs/current/sdk-core/pebble/aplite/lib/libpebble.a(tmp7jpKUopebble.o)
                0x0000000000000d80                action_menu_item_get_action_data
 .text.action_menu_level_add_action
                0x0000000000000d8c        0xc /home/alissa/.pebble-sdk/SDKs/current/sdk-core/pebble/aplite/lib/libpebble.a(tmp7jpKUopebble.o)
                0x0000000000000d8c                action_menu_level_add_action
 .text.action_menu_level_create
                0x0000000000000d98        0xc /home/alissa/.pebble-sdk/SDKs/current/sdk-core/pebble/aplite/lib/libpebble.a(tmp7jpKUopebble.o)
                0x0000000000000d98                action_menu_level_create
 .text.action_menu_open
                0x0000000000000da4        0xc /home/alissa/.pebble-sdk/SDKs/current/sdk-core/pebble/aplite/lib/libpebble.a(tmp7jpKUopebble.o)
                0x0000000000000da4                action_menu_open
 .text.time_start_of_today
                0x0000000000000db0        0xc /home/alissa/.pebble-sdk/SDKs/current/sdk-core/pebble/aplite/lib/libpebble.a(tmp7jpKUopebble.o)
                0x0000000000000db0                time_start_of_today
 *(.rodata)
 *(.rodata*)
 .rodata.single_segments
                0x0000000000000dbc        0x4 src/c/alarm.c.36.o
 .rodata.triple_segments
                0x0000000000000dc0       0x14 src/c/alarm.c.36.o
 .rodata.str1.1
                0x0000000000000dd4       0x94 src/c/alarm.c.36.o
 .rodata.double_segments
                0x0000000000000e68        0xc src/c/alarm.c.36.o
 .rodata.alarm_pattern
                0x0000000000000e74       0x22 src/c/alarm.c.36.o
 .rodata.str1.1
                0x0000000000000e96       0x22 src/c/settings.c.36.o
 .rodata.str1.1
                0x0000000000000eb8       0x5d src/c/ui.c.36.o
                                         0x7f (size before relaxing)

.glue_7         0x0000000000000f18        0x0
 .glue_7        0x0000000000000000        0x0 linker stubs

.glue_7t        0x0000000000000f18        0x0
 .glue_7t       0x0000000000000000        0x0 linker stubs

.vfp11_veneer   0x0000000000000f18        0x0
 .vfp11_veneer  0x0000000000000000        0x0 linker stubs

.v4_bx          0x0000000000000f18        0x0
 .v4_bx         0x0000000000000000        0x0 linker stubs

.iplt           0x0000000000000f18        0x0
 .iplt          0x0000000000000000        0x0 /home/alissa/pebble-dev/pebble-sdk-4.5-linux64/arm-cs-tools/bin/../lib/gcc/arm-none-eabi/4.7.2/thumb2/crtbegin.o

.rel.dyn        0x0000000000000f18        0x0
 .rel.iplt      0x0000000000000000        0x0 /home/alissa/pebble-dev/pebble-sdk-4.5-linux64/arm-cs-tools/bin/../lib/gcc/arm-none-eabi/4.7.2/thumb2/crtbegin.o
 .rel.got       0x0000000000000000        0x0 /home/alissa/pebble-dev/pebble-sdk-4.5-linux64/arm-cs-tools/bin/../lib/gcc/arm-none-eabi/4.7.2/thumb2/crtbegin.o

.data           0x0000000000000f18       0x32
 *(.data)
 .data          0x0000000000000f18        0x0 /home/alissa/pebble-dev/pebble-sdk-4.5-linux64/arm-cs-tools/bin/../lib/gcc/arm-none-eabi/4.7.2/thumb2/crti.o
 .data          0x0000000000000f18        0x4 /home/alissa/pebble-dev/pebble-sdk-4.5-linux64/arm-cs-tools/bin/../lib/gcc/arm-none-eabi/4.7.2/thumb2/crtbegin.o
                0x0000000000000f18                __dso_handle
 .data          0x0000000000000f1c        0x0 src/c/alarm.c.36.o
 .data          0x0000000000000f1c        0x0 src/c/main.c.36.o
 .data          0x0000000000000f1c        0x0 src/c/settings.c.36.o
 .data          0x0000000000000f1c        0x0 src/c/ui.c.36.o
 .data          0x0000000000000f1c        0x0 aplite/appinfo.auto.c.36.o
 .data          0x0000000000000f1c        0x0 aplite/src/resource_ids.auto.c.36.o
 .data          0x0000000000000f1c        0x0 /home/alissa/.pebble-sdk/SDKs/current/sdk-core/pebble/aplite/lib/libpebble.a(tmp7jpKUopebble.o)
 .data          0x0000000000000f1c        0x0 /home/alissa/pebble-dev/pebble-sdk-4.5-linux64/arm-cs-tools/bin/../lib/gcc/arm-none-eabi/4.7.2/thumb2/crtend.o
 .data          0x0000000000000f1c        0x0 /home/alissa/pebble-dev/pebble-sdk-4.5-linux64/arm-cs-tools/bin/../lib/gcc/arm-none-eabi/4.7.2/thumb2/crtn.o
 *(.data.*)
 .data.rel.local.double_pat
                0x0000000000000f1c        0x8 src/c/alarm.c.36.o
                0x0000000000000f1c                double_pat
 .data.rel.local.triple_pat
                0x0000000000000f24        0x8 src/c/alarm.c.36.o
                0x0000000000000f24                triple_pat
 .data.alarm_count
                0x0000000000000f2c        0x1 src/c/alarm.c.36.o
                0x0000000000000f2c                alarm_count
 *fill*         0x0000000000000f2d        0x3 
 .data.rel.local.single_pat
                0x0000000000000f30        0x8 src/c/alarm.c.36.o
                0x0000000000000f30                single_pat
 .data.rel.vibe_pattern
                0x0000000000000f38        0xc src/c/alarm.c.36.o
                0x0000000000000f38                vibe_pattern
 .data.message  0x0000000000000f44        0x6 src/c/settings.c.36.o
                0x0000000000000f44                message

.igot.plt       0x0000000000000f4c        0x0
 .igot.plt      0x0000000000000000        0x0 /home/alissa/pebble-dev/pebble-sdk-4.5-linux64/arm-cs-tools/bin/../lib/gcc/arm-none-eabi/4.7.2/thumb2/crtbegin.o

.got            0x0000000000000f4c       0x14
 .got           0x0000000000000f4c       0x14 /home/alissa/pebble-dev/pebble-sdk-4.5-linux64/arm-cs-tools/bin/../lib/gcc/arm-none-eabi/4.7.2/thumb2/crtbegin.o

.got.plt        0x0000000000000f60        0xc
 .got.plt       0x0000000000000f60        0xc /home/alissa/pebble-dev/pebble-sdk-4.5-linux64/arm-cs-tools/bin/../lib/gcc/arm-none-eabi/4.7.2/thumb2/crtbegin.o
                0x0000000000000f60                _GLOBAL_OFFSET_TABLE_

.bss            0x0000000000000f6c       0x40
 *(.bss)
 *(.bss.*)
 .bss.s_ellipsis_bitmap
                0x0000000000000f6c        0x4 src/c/alarm.c.36.o
 .bss.s_time_layer
                0x0000000000000f70        0x4 src/c/alarm.c.36.o
 .bss.alarm_timer
                0x0000000000000f74        0x4 src/c/alarm.c.36.o
 .bss.s_action_bar
                0x0000000000000f78        0x4 src/c/alarm.c.36.o
 .bss.s_buffer.7524
                0x0000000000000f7c        0xa src/c/alarm.c.36.o
 *fill*         0x0000000000000f86        0x2 
 .bss.s_root_level
                0x0000000000000f88        0x4 src/c/alarm.c.36.o
 .bss.did_alarm_init
                0x0000000000000f8c        0x1 src/c/main.c.36.o
                0x0000000000000f8c                did_alarm_init
 .bss.buffer.7500
                0x0000000000000f8d        0xb src/c/ui.c.36.o
 COMMON         0x0000000000000f98        0x4 src/c/alarm.c.36.o
                0x0000000000000f98                s_window
 COMMON         0x0000000000000f9c       0x10 src/c/ui.c.36.o
                0x0000000000000f9c                s_main_window
                0x0000000000000fa0                text_layer
                0x0000000000000fa4                status_bar
                0x0000000000000fa8                time_layer

DISCARD
 libc.a(*)
 libm.a(*)
 libgcc.a(*)
 *(.eh_frame)
OUTPUT(/home/alissa/pebble-dev/sense-alarm/build/aplite/pebble-app.elf elf32-littlearm)

.ARM.attributes
                0x0000000000000000       0x27
 .ARM.attributes
                0x0000000000000000       0x19 /home/alissa/pebble-dev/pebble-sdk-4.5-linux64/arm-cs-tools/bin/../lib/gcc/arm-none-eabi/4.7.2/thumb2/crti.o
 .ARM.attributes
                0x0000000000000019       0x29 /home/alissa/pebble-dev/pebble-sdk-4.5-linux64/arm-cs-tools/bin/../lib/gcc/arm-none-eabi/4.7.2/thumb2/crtbegin.o
 .ARM.attributes
                0x0000000000000042       0x33 src/c/alarm.c.36.o
 .ARM.attributes
                0x0000000000000075       0x33 src/c/main.c.36.o
 .ARM.attributes
                0x00000000000000a8       0x33 src/c/settings.c.36.o
 .ARM.attributes
                0x00000000000000db       0x33 src/c/ui.c.36.o
 .ARM.attributes
                0x000000000000010e       0x33 aplite/appinfo.auto.c.36.o
 .ARM.attributes
                0x0000000000000141       0x33 aplite/src/resource_ids.auto.c.36.o
 .ARM.attributes
                0x0000000000000174       0x21 /home/alissa/.pebble-sdk/SDKs/current/sdk-core/pebble/aplite/lib/libpebble.a(tmp7jpKUopebble.o)
 .ARM.attributes
                0x0000000000000195       0x29 /home/alissa/pebble-dev/pebble-sdk-4.5-linux64/arm-cs-tools/bin/../lib/gcc/arm-none-eabi/4.7.2/thumb2/crtend.o
 .ARM.attributes
                0x00000000000001be       0x19 /home/alissa/pebble-dev/pebble-sdk-4.5-linux64/arm-cs-tools/bin/../lib/gcc/arm-none-eabi/4.7.2/thumb2/crtn.o

.comment        0x0000000000000000       0x4e
 .comment       0x0000000000000000       0x4e /home/alissa/pebble-dev/pebble-sdk-4.5-linux64/arm-cs-tools/bin/../lib/gcc/arm-none-eabi/4.7.2/thumb2/crtbegin.o
                                         0x4f (size before relaxing)
 .comment       0x0000000000000000       0x4f src/c/alarm.c.36.o
 .comment       0x0000000000000000       0x4f src/c/main.c.36.o
 .comment       0x0000000000000000       0x4f src/c/settings.c.36.o
 .comment       0x0000000000000000       0x4f src/c/ui.c.36.o
 .comment       0x0000000000000000       0x4f aplite/appinfo.auto.c.36.o
 .comment       0x0000000000000000       0x4f aplite/src/resource_ids.auto.c.36.o
 .comment       0x0000000000000000       0x4f /home/alissa/pebble-dev/pebble-sdk-4.5-linux64/arm-cs-tools/bin/../lib/gcc/arm-none-eabi/4.7.2/thumb2/crtend.o

.debug_info     0x0000000000000000     0x3195
 .debug_info    0x0000000000000000     0x143f src/c/alarm.c.36.o
 .debug_info    0x000000000000143f      0x405 src/c/main.c.36.o
 .debug_info    0x0000000000001844      0x6cf src/c/settings.c.36.o
 .debug_info    0x0000000000001f13      0xec3 src/c/ui.c.36.o
 .debug_info    0x0000000000002dd6      0x31a aplite/appinfo.auto.c.36.o
 .debug_info    0x00000000000030f0       0xa5 aplite/src/resource_ids.auto.c.36.o

.debug_abbrev   0x0000000000000000      0xacb
 .debug_abbrev  0x0000000000000000      0x318 src/c/alarm.c.36.o
 .debug_abbrev  0x0000000000000318      0x1f6 src/c/main.c.36.o
 .debug_abbrev  0x000000000000050e      0x1de src/c/settings.c.36.o
 .debug_abbrev  0x00000000000006ec      0x2fd src/c/ui.c.36.o
 .debug_abbrev  0x00000000000009e9       0x9e aplite/appinfo.auto.c.36.o
 .debug_abbrev  0x0000000000000a87       0x44 aplite/src/resource_ids.auto.c.36.o

.debug_loc      0x0000000000000000      0xa2b
 .debug_loc     0x0000000000000000      0x3ed src/c/alarm.c.36.o
 .debug_loc     0x00000000000003ed       0xda src/c/main.c.36.o
 .debug_loc     0x00000000000004c7      0x229 src/c/settings.c.36.o
 .debug_loc     0x00000000000006f0      0x33b src/c/ui.c.36.o

.debug_aranges  0x0000000000000000      0x198
 .debug_aranges
                0x0000000000000000       0x78 src/c/alarm.c.36.o
 .debug_aranges
                0x0000000000000078       0x38 src/c/main.c.36.o
 .debug_aranges
                0x00000000000000b0       0x50 src/c/settings.c.36.o
 .debug_aranges
                0x0000000000000100       0x68 src/c/ui.c.36.o
 .debug_aranges
                0x0000000000000168       0x18 aplite/appinfo.auto.c.36.o
 .debug_aranges
                0x0000000000000180       0x18 aplite/src/resource_ids.auto.c.36.o

.debug_ranges   0x0000000000000000      0x158
 .debug_ranges  0x0000000000000000       0x98 src/c/alarm.c.36.o
 .debug_ranges  0x0000000000000098       0x28 src/c/main.c.36.o
 .debug_ranges  0x00000000000000c0       0x40 src/c/settings.c.36.o
 .debug_ranges  0x0000000000000100       0x58 src/c/ui.c.36.o

.debug_line     0x0000000000000000      0xbf7
 .debug_line    0x0000000000000000      0x378 src/c/alarm.c.36.o
 .debug_line    0x0000000000000378      0x18f src/c/main.c.36.o
 .debug_line    0x0000000000000507      0x25f src/c/settings.c.36.o
 .debug_line    0x0000000000000766      0x2a4 src/c/ui.c.36.o
 .debug_line    0x0000000000000a0a      0x121 aplite/appinfo.auto.c.36.o
 .debug_line    0x0000000000000b2b       0xcc aplite/src/resource_ids.auto.c.36.o

.debug_str      0x0000000000000000     0x1329
 .debug_str     0x0000000000000000      0xa71 src/c/alarm.c.36.o
                                        0xb31 (size before relaxing)
 .debug_str     0x0000000000000a71      0x1fb src/c/main.c.36.o
                                        0x321 (size before relaxing)
 .debug_str     0x0000000000000c6c      0x21c src/c/settings.c.36.o
                                        0x466 (size before relaxing)
 .debug_str     0x0000000000000e88      0x1fe src/c/ui.c.36.o
                                        0x7d7 (size before relaxing)
 .debug_str     0x0000000000001086      0x236 aplite/appinfo.auto.c.36.o
                                        0x318 (size before relaxing)
 .debug_str     0x00000000000012bc       0x6d aplite/src/resource_ids.auto.c.36.o
                                        0x130 (size before relaxing)

.debug_frame    0x0000000000000000      0x39c
 .debug_frame   0x0000000000000000      0x150 src/c/alarm.c.36.o
 .debug_frame   0x0000000000000150       0x60 src/c/main.c.36.o
 .debug_frame   0x00000000000001b0       0xc8 src/c/settings.c.36.o
 .debug_frame   0x0000000000000278      0x124 src/c/ui.c.36.o
