Archive member included because of file (symbol)

/home/alissa/.pebble-sdk/SDKs/current/sdk-core/pebble/aplite/lib/libpebble.a(tmp7jpKUopebble.o)
                              worker_src/c/accel.c.37.o (accel_data_service_unsubscribe)
/home/alissa/pebble-dev/pebble-sdk-4.5-linux64/arm-cs-tools/bin/../lib/gcc/arm-none-eabi/4.7.2/thumb2/libgcc.a(_arm_addsubsf3.o)
                              worker_src/c/accel.c.37.o (__aeabi_fsub)
/home/alissa/pebble-dev/pebble-sdk-4.5-linux64/arm-cs-tools/bin/../lib/gcc/arm-none-eabi/4.7.2/thumb2/libgcc.a(_arm_muldivsf3.o)
                              worker_src/c/accel.c.37.o (__aeabi_fmul)
/home/alissa/pebble-dev/pebble-sdk-4.5-linux64/arm-cs-tools/bin/../lib/gcc/arm-none-eabi/4.7.2/thumb2/libgcc.a(_arm_fixsfsi.o)
                              worker_src/c/accel.c.37.o (__aeabi_f2iz)

Allocating common symbols
Common symbol       size              file

alarm_time          0x4               worker_src/c/background.c.37.o

Discarded input sections

 .text          0x0000000000000000        0x0 /home/alissa/pebble-dev/pebble-sdk-4.5-linux64/arm-cs-tools/bin/../lib/gcc/arm-none-eabi/4.7.2/thumb2/crti.o
 .bss           0x0000000000000000        0x0 /home/alissa/pebble-dev/pebble-sdk-4.5-linux64/arm-cs-tools/bin/../lib/gcc/arm-none-eabi/4.7.2/thumb2/crti.o
 .init          0x0000000000000000        0x4 /home/alissa/pebble-dev/pebble-sdk-4.5-linux64/arm-cs-tools/bin/../lib/gcc/arm-none-eabi/4.7.2/thumb2/crti.o
 .fini          0x0000000000000000        0x4 /home/alissa/pebble-dev/pebble-sdk-4.5-linux64/arm-cs-tools/bin/../lib/gcc/arm-none-eabi/4.7.2/thumb2/crti.o
 .text          0x0000000000000000       0xc8 /home/alissa/pebble-dev/pebble-sdk-4.5-linux64/arm-cs-tools/bin/../lib/gcc/arm-none-eabi/4.7.2/thumb2/crtbegin.o
 .bss           0x0000000000000000       0x1c /home/alissa/pebble-dev/pebble-sdk-4.5-linux64/arm-cs-tools/bin/../lib/gcc/arm-none-eabi/4.7.2/thumb2/crtbegin.o
 .init_array    0x0000000000000000        0x4 /home/alissa/pebble-dev/pebble-sdk-4.5-linux64/arm-cs-tools/bin/../lib/gcc/arm-none-eabi/4.7.2/thumb2/crtbegin.o
 .fini_array    0x0000000000000000        0x4 /home/alissa/pebble-dev/pebble-sdk-4.5-linux64/arm-cs-tools/bin/../lib/gcc/arm-none-eabi/4.7.2/thumb2/crtbegin.o
 .eh_frame      0x0000000000000000        0x0 /home/alissa/pebble-dev/pebble-sdk-4.5-linux64/arm-cs-tools/bin/../lib/gcc/arm-none-eabi/4.7.2/thumb2/crtbegin.o
 .jcr           0x0000000000000000        0x0 /home/alissa/pebble-dev/pebble-sdk-4.5-linux64/arm-cs-tools/bin/../lib/gcc/arm-none-eabi/4.7.2/thumb2/crtbegin.o
 .tm_clone_table
                0x0000000000000000        0x0 /home/alissa/pebble-dev/pebble-sdk-4.5-linux64/arm-cs-tools/bin/../lib/gcc/arm-none-eabi/4.7.2/thumb2/crtbegin.o
 .text          0x0000000000000000        0x0 worker_src/c/accel.c.37.o
 .bss           0x0000000000000000        0x0 worker_src/c/accel.c.37.o
 .text          0x0000000000000000        0x0 worker_src/c/background.c.37.o
 .bss           0x0000000000000000        0x0 worker_src/c/background.c.37.o
 .text          0x0000000000000000        0x0 worker_src/c/datastore.c.37.o
 .bss           0x0000000000000000        0x0 worker_src/c/datastore.c.37.o
 .text          0x0000000000000000        0x0 worker_src/c/math.c.37.o
 .bss           0x0000000000000000        0x0 worker_src/c/math.c.37.o
 .text          0x0000000000000000        0x0 aplite/appinfo.auto.c.37.o
 .bss           0x0000000000000000        0x0 aplite/appinfo.auto.c.37.o
 .text          0x0000000000000000        0x0 aplite/src/resource_ids.auto.c.37.o
 .bss           0x0000000000000000        0x0 aplite/src/resource_ids.auto.c.37.o
 .data.RESOURCE_ID_IMAGE_CLOCK
                0x0000000000000000        0x4 aplite/src/resource_ids.auto.c.37.o
 .data.RESOURCE_ID_IMAGE_ELLIPSIS
                0x0000000000000000        0x4 aplite/src/resource_ids.auto.c.37.o
 .data.RESOURCE_ID_IMAGE_CLOCK_25
                0x0000000000000000        0x4 aplite/src/resource_ids.auto.c.37.o
 .bss           0x0000000000000000        0x0 /home/alissa/.pebble-sdk/SDKs/current/sdk-core/pebble/aplite/lib/libpebble.a(tmp7jpKUopebble.o)
 .text.accel_data_service_subscribe__deprecated
                0x0000000000000000        0xc /home/alissa/.pebble-sdk/SDKs/current/sdk-core/pebble/aplite/lib/libpebble.a(tmp7jpKUopebble.o)
 .text.accel_service_peek
                0x0000000000000000        0xc /home/alissa/.pebble-sdk/SDKs/current/sdk-core/pebble/aplite/lib/libpebble.a(tmp7jpKUopebble.o)
 .text.accel_service_set_samples_per_update
                0x0000000000000000        0xc /home/alissa/.pebble-sdk/SDKs/current/sdk-core/pebble/aplite/lib/libpebble.a(tmp7jpKUopebble.o)
 .text.accel_tap_service_subscribe
                0x0000000000000000        0xc /home/alissa/.pebble-sdk/SDKs/current/sdk-core/pebble/aplite/lib/libpebble.a(tmp7jpKUopebble.o)
 .text.accel_tap_service_unsubscribe
[...]
Memory Configuration

Name             Origin             Length             Attributes
APP              0x0000000000000000 0x0000000000006000 xrw
*default*        0x0000000000000000 0xffffffffffffffff

Linker script and memory map

LOAD /home/alissa/pebble-dev/pebble-sdk-4.5-linux64/arm-cs-tools/bin/../lib/gcc/arm-none-eabi/4.7.2/thumb2/crti.o
LOAD /home/alissa/pebble-dev/pebble-sdk-4.5-linux64/arm-cs-tools/bin/../lib/gcc/arm-none-eabi/4.7.2/thumb2/crtbegin.o
LOAD worker_src/c/accel.c.37.o
LOAD worker_src/c/background.c.37.o
LOAD worker_src/c/datastore.c.37.o
LOAD worker_src/c/math.c.37.o
LOAD aplite/appinfo.auto.c.37.o
LOAD aplite/src/resource_ids.auto.c.37.o
LOAD /home/alissa/.pebble-sdk/SDKs/current/sdk-core/pebble/aplite/lib/libpebble.a
START GROUP
LOAD /home/alissa/pebble-dev/pebble-sdk-4.5-linux64/arm-cs-tools/bin/../lib/gcc/arm-none-eabi/4.7.2/thumb2/libgcc.a
LOAD /home/alissa/pebble-dev/pebble-sdk-4.5-linux64/arm-cs-tools/bin/../lib/gcc/arm-none-eabi/4.7.2/../../../../arm-none-eabi/lib/thumb2/libc.a
END GROUP
LOAD /home/alissa/pebble-dev/pebble-sdk-4.5-linux64/arm-cs-tools/bin/../lib/gcc/arm-none-eabi/4.7.2/thumb2/crtend.o
LOAD /home/alissa/pebble-dev/pebble-sdk-4.5-linux64/arm-cs-tools/bin/../lib/gcc/arm-none-eabi/4.7.2/thumb2/crtn.o

.header         0x0000000000000000       0x82
 *(.pbl_header)
 .pbl_header    0x0000000000000000       0x82 aplite/appinfo.auto.c.37.o
                0x0000000000000000                __pbl_app_info

.note.gnu.build-id
                0x0000000000000082       0x26
                0x0000000000000082                PROVIDE (BUILD_ID, .)
 *(.note.gnu.build-id)
 *fill*         0x0000000000000082        0x2 
 .note.gnu.build-id
                0x0000000000000084       0x24 linker stubs

.text           0x00000000000000a8      0xde4
 *(.text)
 .text          0x00000000000000a8       0x14 /home/alissa/.pebble-sdk/SDKs/current/sdk-core/pebble/aplite/lib/libpebble.a(tmp7jpKUopebble.o)
 .text          0x00000000000000bc      0x21c /home/alissa/pebble-dev/pebble-sdk-4.5-linux64/arm-cs-tools/bin/../lib/gcc/arm-none-eabi/4.7.2/thumb2/libgcc.a(_arm_addsubsf3.o)
                0x00000000000000bc                __aeabi_frsub
                0x00000000000000c4                __subsf3
                0x00000000000000c4                __aeabi_fsub
                0x00000000000000c8                __aeabi_fadd
                0x00000000000000c8                __addsf3
                0x0000000000000228                __aeabi_ui2f
                0x0000000000000228                __floatunsisf
                0x0000000000000230                __aeabi_i2f
                0x0000000000000230                __floatsisf
                0x000000000000024c                __floatundisf
                0x000000000000024c                __aeabi_ul2f
                0x000000000000025c                __floatdisf
                0x000000000000025c                __aeabi_l2f
 .text          0x00000000000002d8      0x2a0 /home/alissa/pebble-dev/pebble-sdk-4.5-linux64/arm-cs-tools/bin/../lib/gcc/arm-none-eabi/4.7.2/thumb2/libgcc.a(_arm_muldivsf3.o)
                0x00000000000002d8                __mulsf3
                0x00000000000002d8                __aeabi_fmul
                0x0000000000000440                __divsf3
                0x0000000000000440                __aeabi_fdiv
 .text          0x0000000000000578       0x4c /home/alissa/pebble-dev/pebble-sdk-4.5-linux64/arm-cs-tools/bin/../lib/gcc/arm-none-eabi/4.7.2/thumb2/libgcc.a(_arm_fixsfsi.o)
                0x0000000000000578                __fixsfsi
                0x0000000000000578                __aeabi_f2iz
 *(.text.*)
 .text.accel_data_handler
                0x00000000000005c4      0x1a8 worker_src/c/accel.c.37.o
 .text.mean     0x000000000000076c       0x38 worker_src/c/accel.c.37.o
                0x000000000000076c                mean
 .text.is_local_max
                0x00000000000007a4       0x98 worker_src/c/accel.c.37.o
                0x00000000000007a4                is_local_max
 .text.init_accel
                0x000000000000083c       0x44 worker_src/c/accel.c.37.o
                0x000000000000083c                init_accel
 .text.deinit_accel
                0x0000000000000880       0x30 worker_src/c/accel.c.37.o
                0x0000000000000880                deinit_accel
 .text.trigger_alarm
                0x00000000000008b0       0x3c worker_src/c/background.c.37.o
 .text.tick_handler
                0x00000000000008ec       0xf4 worker_src/c/background.c.37.o
 .text.load_alarm_time
                0x00000000000009e0       0x80 worker_src/c/background.c.37.o
                0x00000000000009e0                load_alarm_time
 .text.worker_message_handler
                0x0000000000000a60        0xa worker_src/c/background.c.37.o
 *fill*         0x0000000000000a6a        0x2 
 .text.background_init
                0x0000000000000a6c       0x3c worker_src/c/background.c.37.o
                0x0000000000000a6c                background_init
 .text.background_deinit
                0x0000000000000aa8       0x30 worker_src/c/background.c.37.o
                0x0000000000000aa8                background_deinit
 .text.startup.main
                0x0000000000000ad8       0x12 worker_src/c/background.c.37.o
                0x0000000000000ad8                main
 *fill*         0x0000000000000aea        0x2 
 .text.cb_init  0x0000000000000aec       0x5c worker_src/c/datastore.c.37.o
                0x0000000000000aec                cb_init
 .text.cb_free  0x0000000000000b48       0x18 worker_src/c/datastore.c.37.o
                0x0000000000000b48                cb_free
 .text.cb_push_back
                0x0000000000000b60       0x2e worker_src/c/datastore.c.37.o
                0x0000000000000b60                cb_push_back
 .text.cb_size  0x0000000000000b8e        0x4 worker_src/c/datastore.c.37.o
                0x0000000000000b8e                cb_size
 *fill*         0x0000000000000b92        0x2 
 .text.cb_peek  0x0000000000000b94       0x40 worker_src/c/datastore.c.37.o
                0x0000000000000b94                cb_peek
 .text.sm_sqrt  0x0000000000000bd4       0x88 worker_src/c/math.c.37.o
                0x0000000000000bd4                sm_sqrt
 .text.accel_data_service_unsubscribe
                0x0000000000000c5c        0xc /home/alissa/.pebble-sdk/SDKs/current/sdk-core/pebble/aplite/lib/libpebble.a(tmp7jpKUopebble.o)
                0x0000000000000c5c                accel_data_service_unsubscribe
 .text.accel_service_set_sampling_rate
                0x0000000000000c68        0xc /home/alissa/.pebble-sdk/SDKs/current/sdk-core/pebble/aplite/lib/libpebble.a(tmp7jpKUopebble.o)
                0x0000000000000c68                accel_service_set_sampling_rate
 .text.app_log  0x0000000000000c74        0xc /home/alissa/.pebble-sdk/SDKs/current/sdk-core/pebble/aplite/lib/libpebble.a(tmp7jpKUopebble.o)
                0x0000000000000c74                app_log
 .text.free     0x0000000000000c80        0xc /home/alissa/.pebble-sdk/SDKs/current/sdk-core/pebble/aplite/lib/libpebble.a(tmp7jpKUopebble.o)
                0x0000000000000c80                free
 .text.malloc   0x0000000000000c8c        0xc /home/alissa/.pebble-sdk/SDKs/current/sdk-core/pebble/aplite/lib/libpebble.a(tmp7jpKUopebble.o)
                0x0000000000000c8c                malloc
 .text.memcpy   0x0000000000000c98        0xc /home/alissa/.pebble-sdk/SDKs/current/sdk-core/pebble/aplite/lib/libpebble.a(tmp7jpKUopebble.o)
                0x0000000000000c98                memcpy
 .text.persist_exists
                0x0000000000000ca4        0xc /home/alissa/.pebble-sdk/SDKs/current/sdk-core/pebble/aplite/lib/libpebble.a(tmp7jpKUopebble.o)
                0x0000000000000ca4                persist_exists
 .text.persist_read_int
                0x0000000000000cb0        0xc /home/alissa/.pebble-sdk/SDKs/current/sdk-core/pebble/aplite/lib/libpebble.a(tmp7jpKUopebble.o)
                0x0000000000000cb0                persist_read_int
 .text.tick_timer_service_subscribe
                0x0000000000000cbc        0xc /home/alissa/.pebble-sdk/SDKs/current/sdk-core/pebble/aplite/lib/libpebble.a(tmp7jpKUopebble.o)
                0x0000000000000cbc                tick_timer_service_subscribe
 .text.accel_data_service_subscribe
                0x0000000000000cc8        0xc /home/alissa/.pebble-sdk/SDKs/current/sdk-core/pebble/aplite/lib/libpebble.a(tmp7jpKUopebble.o)
                0x0000000000000cc8                accel_data_service_subscribe
 .text.app_worker_message_subscribe
                0x0000000000000cd4        0xc /home/alissa/.pebble-sdk/SDKs/current/sdk-core/pebble/aplite/lib/libpebble.a(tmp7jpKUopebble.o)
                0x0000000000000cd4                app_worker_message_subscribe
 .text.app_worker_send_message
                0x0000000000000ce0        0xc /home/alissa/.pebble-sdk/SDKs/current/sdk-core/pebble/aplite/lib/libpebble.a(tmp7jpKUopebble.o)
                0x0000000000000ce0                app_worker_send_message
 .text.worker_event_loop
                0x0000000000000cec        0xc /home/alissa/.pebble-sdk/SDKs/current/sdk-core/pebble/aplite/lib/libpebble.a(tmp7jpKUopebble.o)
                0x0000000000000cec                worker_event_loop
 .text.worker_launch_app
                0x0000000000000cf8        0xc /home/alissa/.pebble-sdk/SDKs/current/sdk-core/pebble/aplite/lib/libpebble.a(tmp7jpKUopebble.o)
                0x0000000000000cf8                worker_launch_app
 .text.mktime   0x0000000000000d04        0xc /home/alissa/.pebble-sdk/SDKs/current/sdk-core/pebble/aplite/lib/libpebble.a(tmp7jpKUopebble.o)
                0x0000000000000d04                mktime
 .text.time     0x0000000000000d10        0xc /home/alissa/.pebble-sdk/SDKs/current/sdk-core/pebble/aplite/lib/libpebble.a(tmp7jpKUopebble.o)
                0x0000000000000d10                time
 .text.time_start_of_today
                0x0000000000000d1c        0xc /home/alissa/.pebble-sdk/SDKs/current/sdk-core/pebble/aplite/lib/libpebble.a(tmp7jpKUopebble.o)
                0x0000000000000d1c                time_start_of_today
 *(.rodata)
 *(.rodata*)
 .rodata.str1.1
                0x0000000000000d28       0x7f worker_src/c/accel.c.37.o
 .rodata.str1.1
                0x0000000000000da7       0x91 worker_src/c/background.c.37.o
 .rodata.str1.1
                0x0000000000000e38       0x54 worker_src/c/datastore.c.37.o

.glue_7         0x0000000000000e8c        0x0
 .glue_7        0x0000000000000000        0x0 linker stubs

.glue_7t        0x0000000000000e8c        0x0
 .glue_7t       0x0000000000000000        0x0 linker stubs

.vfp11_veneer   0x0000000000000e8c        0x0
 .vfp11_veneer  0x0000000000000000        0x0 linker stubs

.v4_bx          0x0000000000000e8c        0x0
 .v4_bx         0x0000000000000000        0x0 linker stubs

.iplt           0x0000000000000e8c        0x0
 .iplt          0x0000000000000000        0x0 /home/alissa/pebble-dev/pebble-sdk-4.5-linux64/arm-cs-tools/bin/../lib/gcc/arm-none-eabi/4.7.2/thumb2/crtbegin.o

.rel.dyn        0x0000000000000e8c        0x0
 .rel.iplt      0x0000000000000000        0x0 /home/alissa/pebble-dev/pebble-sdk-4.5-linux64/arm-cs-tools/bin/../lib/gcc/arm-none-eabi/4.7.2/thumb2/crtbegin.o
 .rel.got       0x0000000000000000        0x0 /home/alissa/pebble-dev/pebble-sdk-4.5-linux64/arm-cs-tools/bin/../lib/gcc/arm-none-eabi/4.7.2/thumb2/crtbegin.o

.data           0x0000000000000e8c        0x4
 *(.data)
 .data          0x0000000000000e8c        0x0 /home/alissa/pebble-dev/pebble-sdk-4.5-linux64/arm-cs-tools/bin/../lib/gcc/arm-none-eabi/4.7.2/thumb2/crti.o
 .data          0x0000000000000e8c        0x4 /home/alissa/pebble-dev/pebble-sdk-4.5-linux64/arm-cs-tools/bin/../lib/gcc/arm-none-eabi/4.7.2/thumb2/crtbegin.o
                0x0000000000000e8c                __dso_handle
 .data          0x0000000000000e90        0x0 worker_src/c/accel.c.37.o
 .data          0x0000000000000e90        0x0 worker_src/c/background.c.37.o
 .data          0x0000000000000e90        0x0 worker_src/c/datastore.c.37.o
 .data          0x0000000000000e90        0x0 worker_src/c/math.c.37.o
 .data          0x0000000000000e90        0x0 aplite/appinfo.auto.c.37.o
 .data          0x0000000000000e90        0x0 aplite/src/resource_ids.auto.c.37.o
 .data          0x0000000000000e90        0x0 /home/alissa/.pebble-sdk/SDKs/current/sdk-core/pebble/aplite/lib/libpebble.a(tmp7jpKUopebble.o)
 .data          0x0000000000000e90        0x0 /home/alissa/pebble-dev/pebble-sdk-4.5-linux64/arm-cs-tools/bin/../lib/gcc/arm-none-eabi/4.7.2/thumb2/libgcc.a(_arm_addsubsf3.o)
 .data          0x0000000000000e90        0x0 /home/alissa/pebble-dev/pebble-sdk-4.5-linux64/arm-cs-tools/bin/../lib/gcc/arm-none-eabi/4.7.2/thumb2/libgcc.a(_arm_muldivsf3.o)
 .data          0x0000000000000e90        0x0 /home/alissa/pebble-dev/pebble-sdk-4.5-linux64/arm-cs-tools/bin/../lib/gcc/arm-none-eabi/4.7.2/thumb2/libgcc.a(_arm_fixsfsi.o)
 .data          0x0000000000000e90        0x0 /home/alissa/pebble-dev/pebble-sdk-4.5-linux64/arm-cs-tools/bin/../lib/gcc/arm-none-eabi/4.7.2/thumb2/crtend.o
 .data          0x0000000000000e90        0x0 /home/alissa/pebble-dev/pebble-sdk-4.5-linux64/arm-cs-tools/bin/../lib/gcc/arm-none-eabi/4.7.2/thumb2/crtn.o
 *(.data.*)

.igot.plt       0x0000000000000e90        0x0
 .igot.plt      0x0000000000000000        0x0 /home/alissa/pebble-dev/pebble-sdk-4.5-linux64/arm-cs-tools/bin/../lib/gcc/arm-none-eabi/4.7.2/thumb2/crtbegin.o

.got            0x0000000000000e90        0x4
 .got           0x0000000000000e90        0x4 /home/alissa/pebble-dev/pebble-sdk-4.5-linux64/arm-cs-tools/bin/../lib/gcc/arm-none-eabi/4.7.2/thumb2/crtbegin.o

.got.plt        0x0000000000000e94        0xc
 .got.plt       0x0000000000000e94        0xc /home/alissa/pebble-dev/pebble-sdk-4.5-linux64/arm-cs-tools/bin/../lib/gcc/arm-none-eabi/4.7.2/thumb2/crtbegin.o
                0x0000000000000e94                _GLOBAL_OFFSET_TABLE_

.bss            0x0000000000000ea0       0x24
 *(.bss)
 *(.bss.*)
 .bss.count     0x0000000000000ea0        0x2 worker_src/c/accel.c.37.o
                0x0000000000000ea0                count
 .bss.samples_counted
                0x0000000000000ea2        0x2 worker_src/c/accel.c.37.o
                0x0000000000000ea2                samples_counted
 .bss.buf       0x0000000000000ea4       0x18 worker_src/c/accel.c.37.o
 .bss.accel_is_on
                0x0000000000000ebc        0x1 worker_src/c/background.c.37.o
                0x0000000000000ebc                accel_is_on
 *fill*         0x0000000000000ebd        0x3 
 COMMON         0x0000000000000ec0        0x4 worker_src/c/background.c.37.o
                0x0000000000000ec0                alarm_time

DISCARD
 libc.a(*)
 libm.a(*)
 libgcc.a(*)
 *(.eh_frame)
OUTPUT(/home/alissa/pebble-dev/sense-alarm/build/aplite/pebble-worker.elf elf32-littlearm)

.ARM.attributes
                0x0000000000000000       0x27
 .ARM.attributes
                0x0000000000000000       0x19 /home/alissa/pebble-dev/pebble-sdk-4.5-linux64/arm-cs-tools/bin/../lib/gcc/arm-none-eabi/4.7.2/thumb2/crti.o
 .ARM.attributes
                0x0000000000000019       0x29 /home/alissa/pebble-dev/pebble-sdk-4.5-linux64/arm-cs-tools/bin/../lib/gcc/arm-none-eabi/4.7.2/thumb2/crtbegin.o
 .ARM.attributes
                0x0000000000000042       0x33 worker_src/c/accel.c.37.o
 .ARM.attributes
                0x0000000000000075       0x33 worker_src/c/background.c.37.o
 .ARM.attributes
                0x00000000000000a8       0x33 worker_src/c/datastore.c.37.o
 .ARM.attributes
                0x00000000000000db       0x33 worker_src/c/math.c.37.o
 .ARM.attributes
                0x000000000000010e       0x33 aplite/appinfo.auto.c.37.o
 .ARM.attributes
                0x0000000000000141       0x33 aplite/src/resource_ids.auto.c.37.o
 .ARM.attributes
                0x0000000000000174       0x21 /home/alissa/.pebble-sdk/SDKs/current/sdk-core/pebble/aplite/lib/libpebble.a(tmp7jpKUopebble.o)
 .ARM.attributes
                0x0000000000000195       0x19 /home/alissa/pebble-dev/pebble-sdk-4.5-linux64/arm-cs-tools/bin/../lib/gcc/arm-none-eabi/4.7.2/thumb2/libgcc.a(_arm_addsubsf3.o)
 .ARM.attributes
                0x00000000000001ae       0x19 /home/alissa/pebble-dev/pebble-sdk-4.5-linux64/arm-cs-tools/bin/../lib/gcc/arm-none-eabi/4.7.2/thumb2/libgcc.a(_arm_muldivsf3.o)
 .ARM.attributes
                0x00000000000001c7       0x19 /home/alissa/pebble-dev/pebble-sdk-4.5-linux64/arm-cs-tools/bin/../lib/gcc/arm-none-eabi/4.7.2/thumb2/libgcc.a(_arm_fixsfsi.o)
 .ARM.attributes
                0x00000000000001e0       0x29 /home/alissa/pebble-dev/pebble-sdk-4.5-linux64/arm-cs-tools/bin/../lib/gcc/arm-none-eabi/4.7.2/thumb2/crtend.o
 .ARM.attributes
                0x0000000000000209       0x19 /home/alissa/pebble-dev/pebble-sdk-4.5-linux64/arm-cs-tools/bin/../lib/gcc/arm-none-eabi/4.7.2/thumb2/crtn.o

.comment        0x0000000000000000       0x4e
 .comment       0x0000000000000000       0x4e /home/alissa/pebble-dev/pebble-sdk-4.5-linux64/arm-cs-tools/bin/../lib/gcc/arm-none-eabi/4.7.2/thumb2/crtbegin.o
                                         0x4f (size before relaxing)
 .comment       0x0000000000000000       0x4f worker_src/c/accel.c.37.o
 .comment       0x0000000000000000       0x4f worker_src/c/background.c.37.o
 .comment       0x0000000000000000       0x4f worker_src/c/datastore.c.37.o
 .comment       0x0000000000000000       0x4f worker_src/c/math.c.37.o
 .comment       0x0000000000000000       0x4f aplite/appinfo.auto.c.37.o
 .comment       0x0000000000000000       0x4f aplite/src/resource_ids.auto.c.37.o
 .comment       0x0000000000000000       0x4f /home/alissa/pebble-dev/pebble-sdk-4.5-linux64/arm-cs-tools/bin/../lib/gcc/arm-none-eabi/4.7.2/thumb2/crtend.o

.debug_info     0x0000000000000000     0x17c4
 .debug_info    0x0000000000000000      0x65c worker_src/c/accel.c.37.o
 .debug_info    0x000000000000065c      0x736 worker_src/c/background.c.37.o
 .debug_info    0x0000000000000d92      0x35a worker_src/c/datastore.c.37.o
 .debug_info    0x00000000000010ec       0xf4 worker_src/c/math.c.37.o
 .debug_info    0x00000000000011e0      0x31a aplite/appinfo.auto.c.37.o
 .debug_info    0x00000000000014fa       0xa5 aplite/src/resource_ids.auto.c.37.o
 .debug_info    0x000000000000159f       0xb7 /home/alissa/pebble-dev/pebble-sdk-4.5-linux64/arm-cs-tools/bin/../lib/gcc/arm-none-eabi/4.7.2/thumb2/libgcc.a(_arm_addsubsf3.o)
 .debug_info    0x0000000000001656       0xb7 /home/alissa/pebble-dev/pebble-sdk-4.5-linux64/arm-cs-tools/bin/../lib/gcc/arm-none-eabi/4.7.2/thumb2/libgcc.a(_arm_muldivsf3.o)
 .debug_info    0x000000000000170d       0xb7 /home/alissa/pebble-dev/pebble-sdk-4.5-linux64/arm-cs-tools/bin/../lib/gcc/arm-none-eabi/4.7.2/thumb2/libgcc.a(_arm_fixsfsi.o)

.debug_abbrev   0x0000000000000000      0x83f
 .debug_abbrev  0x0000000000000000      0x283 worker_src/c/accel.c.37.o
 .debug_abbrev  0x0000000000000283      0x26a worker_src/c/background.c.37.o
 .debug_abbrev  0x00000000000004ed      0x19e worker_src/c/datastore.c.37.o
 .debug_abbrev  0x000000000000068b       0x96 worker_src/c/math.c.37.o
 .debug_abbrev  0x0000000000000721       0x9e aplite/appinfo.auto.c.37.o
 .debug_abbrev  0x00000000000007bf       0x44 aplite/src/resource_ids.auto.c.37.o
 .debug_abbrev  0x0000000000000803       0x14 /home/alissa/pebble-dev/pebble-sdk-4.5-linux64/arm-cs-tools/bin/../lib/gcc/arm-none-eabi/4.7.2/thumb2/libgcc.a(_arm_addsubsf3.o)
 .debug_abbrev  0x0000000000000817       0x14 /home/alissa/pebble-dev/pebble-sdk-4.5-linux64/arm-cs-tools/bin/../lib/gcc/arm-none-eabi/4.7.2/thumb2/libgcc.a(_arm_muldivsf3.o)
 .debug_abbrev  0x000000000000082b       0x14 /home/alissa/pebble-dev/pebble-sdk-4.5-linux64/arm-cs-tools/bin/../lib/gcc/arm-none-eabi/4.7.2/thumb2/libgcc.a(_arm_fixsfsi.o)

.debug_loc      0x0000000000000000      0x788
 .debug_loc     0x0000000000000000      0x313 worker_src/c/accel.c.37.o
 .debug_loc     0x0000000000000313      0x193 worker_src/c/background.c.37.o
 .debug_loc     0x00000000000004a6      0x209 worker_src/c/datastore.c.37.o
 .debug_loc     0x00000000000006af       0xd9 worker_src/c/math.c.37.o

.debug_aranges  0x0000000000000000      0x180
 .debug_aranges
                0x0000000000000000       0x40 worker_src/c/accel.c.37.o
 .debug_aranges
                0x0000000000000040       0x50 worker_src/c/background.c.37.o
 .debug_aranges
                0x0000000000000090       0x40 worker_src/c/datastore.c.37.o
 .debug_aranges
                0x00000000000000d0       0x20 worker_src/c/math.c.37.o
 .debug_aranges
                0x00000000000000f0       0x18 aplite/appinfo.auto.c.37.o
 .debug_aranges
                0x0000000000000108       0x18 aplite/src/resource_ids.auto.c.37.o
 .debug_aranges
                0x0000000000000120       0x20 /home/alissa/pebble-dev/pebble-sdk-4.5-linux64/arm-cs-tools/bin/../lib/gcc/arm-none-eabi/4.7.2/thumb2/libgcc.a(_arm_addsubsf3.o)
 .debug_aranges
                0x0000000000000140       0x20 /home/alissa/pebble-dev/pebble-sdk-4.5-linux64/arm-cs-tools/bin/../lib/gcc/arm-none-eabi/4.7.2/thumb2/libgcc.a(_arm_muldivsf3.o)
 .debug_aranges
                0x0000000000000160       0x20 /home/alissa/pebble-dev/pebble-sdk-4.5-linux64/arm-cs-tools/bin/../lib/gcc/arm-none-eabi/4.7.2/thumb2/libgcc.a(_arm_fixsfsi.o)

.debug_ranges   0x0000000000000000       0xe0
 .debug_ranges  0x0000000000000000       0x60 worker_src/c/accel.c.37.o
 .debug_ranges  0x0000000000000060       0x40 worker_src/c/background.c.37.o
 .debug_ranges  0x00000000000000a0       0x30 worker_src/c/datastore.c.37.o
 .debug_ranges  0x00000000000000d0       0x10 worker_src/c/math.c.37.o

.debug_line     0x0000000000000000      0xccc
 .debug_line    0x0000000000000000      0x2ce worker_src/c/accel.c.37.o
 .debug_line    0x00000000000002ce      0x29e worker_src/c/background.c.37.o
 .debug_line    0x000000000000056c      0x226 worker_src/c/datastore.c.37.o
 .debug_line    0x0000000000000792       0x56 worker_src/c/math.c.37.o
 .debug_line    0x00000000000007e8      0x121 aplite/appinfo.auto.c.37.o
 .debug_line    0x0000000000000909       0xcc aplite/src/resource_ids.auto.c.37.o
 .debug_line    0x00000000000009d5      0x128 /home/alissa/pebble-dev/pebble-sdk-4.5-linux64/arm-cs-tools/bin/../lib/gcc/arm-none-eabi/4.7.2/thumb2/libgcc.a(_arm_addsubsf3.o)
 .debug_line    0x0000000000000afd      0x149 /home/alissa/pebble-dev/pebble-sdk-4.5-linux64/arm-cs-tools/bin/../lib/gcc/arm-none-eabi/4.7.2/thumb2/libgcc.a(_arm_muldivsf3.o)
 .debug_line    0x0000000000000c46       0x86 /home/alissa/pebble-dev/pebble-sdk-4.5-linux64/arm-cs-tools/bin/../lib/gcc/arm-none-eabi/4.7.2/thumb2/libgcc.a(_arm_fixsfsi.o)

.debug_str      0x0000000000000000      0x865
 .debug_str     0x0000000000000000      0x324 worker_src/c/accel.c.37.o
                                        0x381 (size before relaxing)
 .debug_str     0x0000000000000324      0x24c worker_src/c/background.c.37.o
                                        0x3f8 (size before relaxing)
 .debug_str     0x0000000000000570       0x35 worker_src/c/datastore.c.37.o
                                        0x1ef (size before relaxing)
 .debug_str     0x00000000000005a5       0x1d worker_src/c/math.c.37.o
                                         0xf9 (size before relaxing)
 .debug_str     0x00000000000005c2      0x236 aplite/appinfo.auto.c.37.o
                                        0x318 (size before relaxing)
 .debug_str     0x00000000000007f8       0x6d aplite/src/resource_ids.auto.c.37.o
                                        0x130 (size before relaxing)

.debug_frame    0x0000000000000000      0x22c
 .debug_frame   0x0000000000000000       0xb0 worker_src/c/accel.c.37.o
 .debug_frame   0x00000000000000b0       0xc4 worker_src/c/background.c.37.o
 .debug_frame   0x0000000000000174       0x8c worker_src/c/datastore.c.37.o
 .debug_frame   0x0000000000000200       0x2c worker_src/c/math.c.37.o
